// Jest Snapshot v1, https://goo.gl/fbAQLP

exports[`Title snapshot test 1`] = `
<h1
  className="customTitle"
/>
`;
